
a@LAPTOP-C1N3TS5L MINGW64 ~
$ ssh-keygen -t rsa -b 4096 -C "priyankagorde.k@gmail.com"
Generating public/private rsa key pair.
Enter file in which to save the key (/c/Users/a/.ssh/id_rsa):
Created directory '/c/Users/a/.ssh'.
Enter passphrase (empty for no passphrase):
Enter same passphrase again:
Your identification has been saved in /c/Users/a/.ssh/id_rsa.
Your public key has been saved in /c/Users/a/.ssh/id_rsa.pub.
The key fingerprint is:
SHA256:97ept/0D8a6CtzuGR3yNhJZnak5vwyMTPrgy/fwg/hY priyankagorde.k@gmail.com
The key's randomart image is:
+---[RSA 4096]----+
|                 |
|                 |
|            o    |
|           + =   |
|        S + = =  |
|         . E + o |
|        ..X.B +  |
|       o.=o&.B.* |
|        ooO*%=B.=|
+----[SHA256]-----+

a@LAPTOP-C1N3TS5L MINGW64 ~
$ git clone https://github.com/priyankagor/selenioumautomation.git
Cloning into 'selenioumautomation'...
warning: You appear to have cloned an empty repository.

a@LAPTOP-C1N3TS5L MINGW64 ~
$ cd D :
bash: cd: too many arguments

a@LAPTOP-C1N3TS5L MINGW64 ~
$ cd D;
bash: cd: D: No such file or directory

a@LAPTOP-C1N3TS5L MINGW64 ~
$ cd D:

a@LAPTOP-C1N3TS5L MINGW64 /d
$ priyank
bash: priyank: command not found

a@LAPTOP-C1N3TS5L MINGW64 /d
$ Priyanka/
bash: Priyanka/: Is a directory

a@LAPTOP-C1N3TS5L MINGW64 /d
$ /priyanka
bash: /priyanka: No such file or directory

a@LAPTOP-C1N3TS5L MINGW64 /d
$ cd Priyanka/github/

a@LAPTOP-C1N3TS5L MINGW64 /d/Priyanka/github
$ git clone https://github.com/priyankagor/selenioumautomation.git
Cloning into 'selenioumautomation'...
warning: You appear to have cloned an empty repository.

a@LAPTOP-C1N3TS5L MINGW64 /d/Priyanka/github
$ cd selenioumautomation/

a@LAPTOP-C1N3TS5L MINGW64 /d/Priyanka/github/selenioumautomation (master)
$ git status
On branch master

No commits yet

Untracked files:
  (use "git add <file>..." to include in what will be committed)

        AAA.txt

nothing added to commit but untracked files present (use "git add" to track)

a@LAPTOP-C1N3TS5L MINGW64 /d/Priyanka/github/selenioumautomation (master)
$ git add AAA
fatal: pathspec 'AAA' did not match any files

a@LAPTOP-C1N3TS5L MINGW64 /d/Priyanka/github/selenioumautomation (master)
$ git add AAA.txt

a@LAPTOP-C1N3TS5L MINGW64 /d/Priyanka/github/selenioumautomation (master)
$ git commit -m"firstgi"

*** Please tell me who you are.

Run

  git config --global user.email "you@example.com"
  git config --global user.name "Your Name"

to set your account's default identity.
Omit --global to set the identity only in this repository.

fatal: unable to auto-detect email address (got 'a@LAPTOP-C1N3TS5L.(none)')

a@LAPTOP-C1N3TS5L MINGW64 /d/Priyanka/github/selenioumautomation (master)
$ ^C

a@LAPTOP-C1N3TS5L MINGW64 /d/Priyanka/github/selenioumautomation (master)
$ git config --global user.email "you@example.com"

a@LAPTOP-C1N3TS5L MINGW64 /d/Priyanka/github/selenioumautomation (master)
$ git config --global user.email "priyankagorde.k@gmail.com"

a@LAPTOP-C1N3TS5L MINGW64 /d/Priyanka/github/selenioumautomation (master)
$ git config --global user.name "priyankagor"

a@LAPTOP-C1N3TS5L MINGW64 /d/Priyanka/github/selenioumautomation (master)
$ git commit -m"firstgi"
[master (root-commit) 1f0e202] firstgi
 1 file changed, 1 insertion(+)
 create mode 100644 AAA.txt

a@LAPTOP-C1N3TS5L MINGW64 /d/Priyanka/github/selenioumautomation (master)
$ git push origin master
Enumerating objects: 3, done.
Counting objects: 100% (3/3), done.
Writing objects: 100% (3/3), 222 bytes | 111.00 KiB/s, done.
Total 3 (delta 0), reused 0 (delta 0)
To https://github.com/priyankagor/selenioumautomation.git
 * [new branch]      master -> master

a@LAPTOP-C1N3TS5L MINGW64 /d/Priyanka/github/selenioumautomation (master)
$
